// Jest Snapshot v1, https://goo.gl/fbAQLP

exports[`renders App.js correctly 1`] = `
<div
  className="App"
>
  <div>
    <h1>
      Pokedex!
    </h1>
  </div>
  <ul
    className="grid-container"
  />
</div>
`;
