// Jest Snapshot v1, https://goo.gl/fbAQLP

exports[`renders Header.js correctly 1`] = `
<div>
  <h1>
    Pokedex!
  </h1>
</div>
`;
