// Jest Snapshot v1, https://goo.gl/fbAQLP

exports[`renders PokeList.js correctly 1`] = `
<ul
  className="grid-container"
/>
`;
